run_id=day10-idempotent-rerun
raw_records=247
cleaned_records=33
quarantine_records=214
cleaned_csv=artifacts\cleaned\cleaned_day10-idempotent-rerun.csv
quarantine_csv=artifacts\quarantine\quarantine_day10-idempotent-rerun.csv
expectation[min_one_row] OK (halt) :: cleaned_rows=33
expectation[no_empty_doc_id] OK (halt) :: empty_doc_id_count=0
expectation[refund_no_stale_14d_window] OK (halt) :: violations=0
expectation[chunk_min_length_8] OK (warn) :: short_chunks=0
expectation[effective_date_iso_yyyy_mm_dd] OK (halt) :: non_iso_rows=0
expectation[hr_leave_no_stale_10d_annual] OK (halt) :: violations=0
expectation[unique_nonempty_chunk_id] OK (halt) :: missing_chunk_ids=0, duplicate_chunk_ids=0
expectation[canonical_doc_coverage] OK (halt) :: missing_doc_ids=[]
expectation[hr_leave_no_2025_marker] OK (halt) :: violations=0
expectation[exported_at_iso_datetime] OK (halt) :: non_iso_exported_at_rows=0
expectation[access_control_level4_present] OK (halt) :: matching_rows=1
expectation[sla_p1_auto_escalate_10min_present] OK (halt) :: matching_rows=2
embed_upsert count=33 collection=day10_kb
manifest_written=artifacts\manifests\manifest_day10-idempotent-rerun.json
freshness_check=FAIL {"latest_exported_at": "2026-04-11T00:00:00", "age_hours": 1445.018, "sla_hours": 24.0, "reason": "freshness_sla_exceeded"}
PIPELINE_OK
